2026-03-02 16:30:15 - UserModel update called with ID: 2
2026-03-02 16:30:15 - UserModel update data: Array
(
    [login_attempts] => 0
    [locked_until] => 
    [last_login] => 2026-03-02 16:30:15
)

2026-03-02 16:30:15 - UserModel update result: SUCCESS
2026-03-02 16:30:15 - Parent update affected rows: 1
2026-03-03 09:38:11 - UserModel update called with ID: 1
2026-03-03 09:38:11 - UserModel update data: Array
(
    [login_attempts] => 0
    [locked_until] => 
    [last_login] => 2026-03-03 09:38:11
)

2026-03-03 09:38:11 - UserModel update result: SUCCESS
2026-03-03 09:38:11 - Parent update affected rows: 1
2026-03-03 09:43:57 - Edit method called for user ID: 1
2026-03-03 09:43:57 - User data loaded: Array
(
    [id] => 1
    [name] => Administrator
    [email] => admin@vapeshop.com
    [password] => $2y$10$Pi9WwtpumL9EGjGPyli7IuR6I8jPK3uKHojXm6.xSceXSTgbkG0tC
    [role] => admin
    [created_at] => 2026-02-25 09:07:28
    [updated_at] => 2026-03-03 09:38:11
    [is_active] => 1
    [last_login] => 2026-03-03 09:38:11
    [login_attempts] => 0
    [locked_until] => 
    [deleted_at] => 
)

2026-03-03 09:44:06 - Update request data: Array
(
    [csrf_test_name] => ad26bfbad889d408104593edefedb23d
    [name] => Administrator
    [email] => admin@vapeshop.com
    [password] => 
    [role] => customer
)

2026-03-03 09:44:06 - Direct update called with ID: 1
2026-03-03 09:44:06 - Direct update data: Array
(
    [name] => Administrator
    [email] => admin@vapeshop.com
    [role] => customer
)

2026-03-03 09:44:06 - Direct update result: SUCCESS
2026-03-03 09:44:06 - Direct update affected rows: 1
2026-03-03 09:44:06 - User update result: SUCCESS
2026-03-03 09:44:06 - Update data: Array
(
    [name] => Administrator
    [email] => admin@vapeshop.com
    [role] => customer
)

2026-03-03 09:44:06 - Verification - Name updated: YES
2026-03-03 09:44:06 - Verification - Email updated: YES
2026-03-03 09:44:06 - Verification - Role updated: YES
2026-03-03 09:44:15 - Edit method called for user ID: 1
2026-03-03 09:44:15 - User data loaded: Array
(
    [id] => 1
    [name] => Administrator
    [email] => admin@vapeshop.com
    [password] => $2y$10$Pi9WwtpumL9EGjGPyli7IuR6I8jPK3uKHojXm6.xSceXSTgbkG0tC
    [role] => customer
    [created_at] => 2026-02-25 09:07:28
    [updated_at] => 2026-03-03 17:44:06
    [is_active] => 1
    [last_login] => 2026-03-03 09:38:11
    [login_attempts] => 0
    [locked_until] => 
    [deleted_at] => 
)

2026-03-03 09:44:22 - Update request data: Array
(
    [csrf_test_name] => ad26bfbad889d408104593edefedb23d
    [name] => Administrator
    [email] => admin@vapeshop.com
    [password] => 
    [role] => admin
)

2026-03-03 09:44:22 - Direct update called with ID: 1
2026-03-03 09:44:22 - Direct update data: Array
(
    [name] => Administrator
    [email] => admin@vapeshop.com
    [role] => admin
)

2026-03-03 09:44:22 - Direct update result: SUCCESS
2026-03-03 09:44:22 - Direct update affected rows: 1
2026-03-03 09:44:22 - User update result: SUCCESS
2026-03-03 09:44:22 - Update data: Array
(
    [name] => Administrator
    [email] => admin@vapeshop.com
    [role] => admin
)

2026-03-03 09:44:22 - Verification - Name updated: YES
2026-03-03 09:44:22 - Verification - Email updated: YES
2026-03-03 09:44:22 - Verification - Role updated: YES
2026-03-03 09:48:59 - Edit method called for user ID: 1
2026-03-03 09:48:59 - User data loaded: Array
(
    [id] => 1
    [name] => Administrator
    [email] => admin@vapeshop.com
    [password] => $2y$10$gpIa2U93ig6EXAL3GROrzeh6nqyfzV5yR.VLTVZWDzjRz/f68blQy
    [role] => admin
    [created_at] => 2026-03-03 09:47:01
    [updated_at] => 2026-03-03 09:47:16
    [is_active] => 1
    [last_login] => 
    [login_attempts] => 0
    [locked_until] => 
)

2026-03-03 09:49:07 - Update request data: Array
(
    [csrf_test_name] => ad26bfbad889d408104593edefedb23d
    [name] => Administrator
    [email] => admin@vapeshop.com
    [password] => 
    [role] => customer
)

2026-03-03 09:49:07 - Direct update called with ID: 1
2026-03-03 09:49:07 - Direct update data: Array
(
    [name] => Administrator
    [email] => admin@vapeshop.com
    [role] => customer
)

2026-03-03 09:49:07 - Direct update result: SUCCESS
2026-03-03 09:49:07 - Direct update affected rows: 1
2026-03-03 09:49:07 - User update result: SUCCESS
2026-03-03 09:49:07 - Update data: Array
(
    [name] => Administrator
    [email] => admin@vapeshop.com
    [role] => customer
)

2026-03-03 09:49:07 - Verification - Name updated: YES
2026-03-03 09:49:07 - Verification - Email updated: YES
2026-03-03 09:49:07 - Verification - Role updated: YES
2026-03-03 09:49:15 - Edit method called for user ID: 1
2026-03-03 09:49:15 - User data loaded: Array
(
    [id] => 1
    [name] => Administrator
    [email] => admin@vapeshop.com
    [password] => $2y$10$gpIa2U93ig6EXAL3GROrzeh6nqyfzV5yR.VLTVZWDzjRz/f68blQy
    [role] => customer
    [created_at] => 2026-03-03 09:47:01
    [updated_at] => 2026-03-03 17:49:07
    [is_active] => 1
    [last_login] => 
    [login_attempts] => 0
    [locked_until] => 
)

2026-03-03 09:49:21 - Update request data: Array
(
    [csrf_test_name] => ad26bfbad889d408104593edefedb23d
    [name] => Administrator
    [email] => admin@vapeshop.com
    [password] => 
    [role] => admin
)

2026-03-03 09:49:21 - Direct update called with ID: 1
2026-03-03 09:49:21 - Direct update data: Array
(
    [name] => Administrator
    [email] => admin@vapeshop.com
    [role] => admin
)

2026-03-03 09:49:21 - Direct update result: SUCCESS
2026-03-03 09:49:21 - Direct update affected rows: 1
2026-03-03 09:49:21 - User update result: SUCCESS
2026-03-03 09:49:21 - Update data: Array
(
    [name] => Administrator
    [email] => admin@vapeshop.com
    [role] => admin
)

2026-03-03 09:49:21 - Verification - Name updated: YES
2026-03-03 09:49:21 - Verification - Email updated: YES
2026-03-03 09:49:21 - Verification - Role updated: YES
2026-03-03 09:50:38 - UserModel update called with ID: 2
2026-03-03 09:50:38 - UserModel update data: Array
(
    [login_attempts] => 0
    [locked_until] => 
    [last_login] => 2026-03-03 09:50:38
)

2026-03-03 09:50:38 - UserModel update result: SUCCESS
2026-03-03 09:50:38 - Parent update affected rows: 1
2026-03-03 09:51:50 - UserModel update called with ID: 1
2026-03-03 09:51:50 - UserModel update data: Array
(
    [login_attempts] => 0
    [locked_until] => 
    [last_login] => 2026-03-03 09:51:50
)

2026-03-03 09:51:50 - UserModel update result: SUCCESS
2026-03-03 09:51:50 - Parent update affected rows: 1
2026-03-03 09:52:06 - Edit method called for user ID: 1
2026-03-03 09:52:06 - User data loaded: Array
(
    [id] => 1
    [name] => Administrator
    [email] => admin@vapeshop.com
    [password] => $2y$10$gpIa2U93ig6EXAL3GROrzeh6nqyfzV5yR.VLTVZWDzjRz/f68blQy
    [role] => admin
    [created_at] => 2026-03-03 09:47:01
    [updated_at] => 2026-03-03 09:51:50
    [is_active] => 1
    [last_login] => 2026-03-03 09:51:50
    [login_attempts] => 0
    [locked_until] => 
)

2026-03-03 09:53:42 - Edit method called for user ID: 1
2026-03-03 09:53:42 - User data loaded: Array
(
    [id] => 1
    [name] => Administrator
    [email] => admin@vapeshop.com
    [password] => $2y$10$gpIa2U93ig6EXAL3GROrzeh6nqyfzV5yR.VLTVZWDzjRz/f68blQy
    [role] => admin
    [created_at] => 2026-03-03 09:47:01
    [updated_at] => 2026-03-03 09:51:50
    [is_active] => 1
    [last_login] => 2026-03-03 09:51:50
    [login_attempts] => 0
    [locked_until] => 
)

2026-03-04 17:33:21 - UserModel update called with ID: 1
2026-03-04 17:33:21 - UserModel update data: Array
(
    [login_attempts] => 0
    [locked_until] => 
    [last_login] => 2026-03-04 17:33:21
)

2026-03-04 17:33:21 - UserModel update result: SUCCESS
2026-03-04 17:33:21 - Parent update affected rows: 1
2026-03-05 11:02:02 - UserModel update called with ID: 1
2026-03-05 11:02:02 - UserModel update data: Array
(
    [login_attempts] => 0
    [locked_until] => 
    [last_login] => 2026-03-05 11:02:02
)

2026-03-05 11:02:02 - UserModel update result: SUCCESS
2026-03-05 11:02:02 - Parent update affected rows: 1
2026-03-05 11:15:07 - UserModel update called with ID: 1
2026-03-05 11:15:07 - UserModel update data: Array
(
    [login_attempts] => 0
    [locked_until] => 
    [last_login] => 2026-03-05 11:15:07
)

2026-03-05 11:15:07 - UserModel update result: SUCCESS
2026-03-05 11:15:07 - Parent update affected rows: 1
2026-03-05 11:33:55 - UserModel update called with ID: 1
2026-03-05 11:33:55 - UserModel update data: Array
(
    [login_attempts] => 0
    [locked_until] => 
    [last_login] => 2026-03-05 11:33:55
)

2026-03-05 11:33:55 - UserModel update result: SUCCESS
2026-03-05 11:33:55 - Parent update affected rows: 1
2026-03-05 13:58:40 - UserModel update called with ID: 2
2026-03-05 13:58:40 - UserModel update data: Array
(
    [login_attempts] => 0
    [locked_until] => 
    [last_login] => 2026-03-05 13:58:40
)

2026-03-05 13:58:40 - UserModel update result: SUCCESS
2026-03-05 13:58:40 - Parent update affected rows: 1
2026-03-05 13:59:22 - UserModel update called with ID: 1
2026-03-05 13:59:22 - UserModel update data: Array
(
    [login_attempts] => 0
    [locked_until] => 
    [last_login] => 2026-03-05 13:59:22
)

2026-03-05 13:59:22 - UserModel update result: SUCCESS
2026-03-05 13:59:22 - Parent update affected rows: 1
2026-03-05 14:02:33 - Edit method called for user ID: 1
2026-03-05 14:02:33 - User data loaded: Array
(
    [id] => 1
    [role_id] => 2
    [name] => Administrator
    [email] => admin@vapeshop.com
    [password] => $2y$10$cUYd4TSCyyVNHv0qwHq.yeRU.Ih9/H7u5dT2e5DMLc89ooGjNWYUC
    [role] => admin
    [created_at] => 2026-03-04 17:27:27
    [updated_at] => 2026-03-05 13:59:22
    [is_active] => 1
    [last_login] => 2026-03-05 13:59:22
    [login_attempts] => 0
    [locked_until] => 
)

2026-03-05 14:02:57 - Edit method called for user ID: 1
2026-03-05 14:02:57 - User data loaded: Array
(
    [id] => 1
    [role_id] => 2
    [name] => Administrator
    [email] => admin@vapeshop.com
    [password] => $2y$10$cUYd4TSCyyVNHv0qwHq.yeRU.Ih9/H7u5dT2e5DMLc89ooGjNWYUC
    [role] => admin
    [created_at] => 2026-03-04 17:27:27
    [updated_at] => 2026-03-05 13:59:22
    [is_active] => 1
    [last_login] => 2026-03-05 13:59:22
    [login_attempts] => 0
    [locked_until] => 
)

